Java HotSpot(TM) 64-Bit Server VM (25.211-b12) for windows-amd64 JRE (1.8.0_211-b12), built on Apr  1 2019 20:53:26 by "java_re" with MS VC++ 10.0 (VS2010)
Memory: 4k page, physical 3582404k(1228916k free), swap 12822976k(3119852k free)
CommandLine flags: -XX:GCLogFileSize=3145728 -XX:InitialHeapSize=2147483648 -XX:MaxHeapSize=4294967296 -XX:NumberOfGCLogFiles=5 -XX:+PrintGC -XX:+PrintGCDateStamps -XX:+PrintGCDetails -XX:+PrintGCTimeStamps -XX:-TraceClassUnloading -XX:+UseCompressedClassPointers -XX:+UseCompressedOops -XX:+UseGCLogFileRotation -XX:-UseLargePagesIndividualAllocation -XX:+UseParallelGC 
2025-10-08T09:52:25.109+0300: 2.729: [GC (Metadata GC Threshold) [PSYoungGen: 157440K->13592K(611840K)] 157440K->13608K(2010112K), 0.0265829 secs] [Times: user=0.08 sys=0.02, real=0.03 secs] 
2025-10-08T09:52:25.136+0300: 2.755: [Full GC (Metadata GC Threshold) [PSYoungGen: 13592K->0K(611840K)] [ParOldGen: 16K->12947K(1398272K)] 13608K->12947K(2010112K), [Metaspace: 19854K->19854K(1067008K)], 0.0853509 secs] [Times: user=0.23 sys=0.03, real=0.09 secs] 
2025-10-08T09:52:28.334+0300: 5.953: [GC (Metadata GC Threshold) [PSYoungGen: 325558K->18993K(611840K)] 338505K->31948K(2010112K), 0.0332828 secs] [Times: user=0.06 sys=0.02, real=0.03 secs] 
2025-10-08T09:52:28.368+0300: 5.987: [Full GC (Metadata GC Threshold) [PSYoungGen: 18993K->0K(611840K)] [ParOldGen: 12955K->23647K(1667072K)] 31948K->23647K(2278912K), [Metaspace: 31377K->31377K(1079296K)], 0.0867248 secs] [Times: user=0.20 sys=0.02, real=0.09 secs] 
2025-10-08T09:52:33.377+0300: 10.996: [GC (Metadata GC Threshold) [PSYoungGen: 282071K->36394K(611840K)] 305718K->60050K(2278912K), 0.0590914 secs] [Times: user=0.14 sys=0.01, real=0.06 secs] 
2025-10-08T09:52:33.437+0300: 11.056: [Full GC (Metadata GC Threshold) [PSYoungGen: 36394K->0K(611840K)] [ParOldGen: 23655K->47723K(2485248K)] 60050K->47723K(3097088K), [Metaspace: 52063K->52061K(1099776K)], 0.4093695 secs] [Times: user=0.86 sys=0.03, real=0.41 secs] 
2025-10-08T09:52:52.402+0300: 30.021: [GC (Allocation Failure) [PSYoungGen: 524800K->62042K(683008K)] 572523K->109837K(3168256K), 0.1268755 secs] [Times: user=0.11 sys=0.09, real=0.13 secs] 
2025-10-08T09:53:09.012+0300: 46.631: [GC (Metadata GC Threshold) [PSYoungGen: 638862K->87011K(723968K)] 686657K->137173K(3209216K), 0.2596393 secs] [Times: user=0.28 sys=0.06, real=0.26 secs] 
2025-10-08T09:53:09.272+0300: 46.891: [Full GC (Metadata GC Threshold) [PSYoungGen: 87011K->0K(723968K)] [ParOldGen: 50161K->114339K(2796544K)] 137173K->114339K(3520512K), [Metaspace: 89002K->89002K(1132544K)], 0.9091300 secs] [Times: user=1.08 sys=0.25, real=0.91 secs] 
2025-10-08T09:53:13.974+0300: 51.593: [GC (Allocation Failure) [PSYoungGen: 636928K->23213K(851456K)] 751267K->137560K(3648000K), 0.0548425 secs] [Times: user=0.06 sys=0.00, real=0.06 secs] 
2025-10-08T09:53:25.554+0300: 63.173: [GC (Allocation Failure) [PSYoungGen: 775853K->82807K(847872K)] 890200K->197163K(3644416K), 0.3466523 secs] [Times: user=0.17 sys=0.17, real=0.35 secs] 
2025-10-08T09:53:32.133+0300: 69.752: [GC (GCLocker Initiated GC) [PSYoungGen: 835447K->108536K(992256K)] 952185K->386319K(3788800K), 1.3310396 secs] [Times: user=0.63 sys=0.88, real=1.33 secs] 
2025-10-08T09:53:39.482+0300: 77.102: [GC (Allocation Failure) [PSYoungGen: 992248K->198637K(1082368K)] 1270034K->575424K(3878912K), 1.8525002 secs] [Times: user=0.64 sys=2.09, real=1.86 secs] 
2025-10-08T09:53:52.342+0300: 89.962: [GC (Allocation Failure) [PSYoungGen: 1082349K->255174K(1041408K)] 1459136K->631969K(3837952K), 2.1920483 secs] [Times: user=0.89 sys=2.19, real=2.19 secs] 
2025-10-08T09:54:17.385+0300: 115.006: [GC (Allocation Failure) [PSYoungGen: 1021126K->315897K(1081856K)] 1397921K->780357K(3878400K), 4.8275015 secs] [Times: user=0.89 sys=3.34, real=4.83 secs] 
